---
http_interactions:
- request:
    method: post
    uri: http://127.0.0.1:9546/session
    body:
      encoding: UTF-8
      string: '{"desiredCapabilities":{"browserName":"chrome","version":"","platform":"ANY","javascriptEnabled":true,"cssSelectorsEnabled":true,"takesScreenshot":false,"nativeEvents":false,"rotatable":false,"goog:chromeOptions":{"args":["--no-sandbox","--headless","--ignore-certificate-errors","--disable-notifications","--window-size=1200,600","--disable-dev-shm-usage"]}},"capabilities":{"firstMatch":[{"browserName":"chrome","goog:chromeOptions":{"args":["--no-sandbox","--headless","--ignore-certificate-errors","--disable-notifications","--window-size=1200,600","--disable-dev-shm-usage"]}}]}}'
    headers:
      Accept:
      - application/json
      Content-Type:
      - application/json; charset=UTF-8
      User-Agent:
      - selenium/3.142.7 (ruby macosx)
      Content-Length:
      - '584'
      Accept-Encoding:
      - gzip;q=1.0,deflate;q=0.6,identity;q=0.3
  response:
    status:
      code: 200
      message: OK
    headers:
      Content-Length:
      - '727'
      Content-Type:
      - application/json; charset=utf-8
      Cache-Control:
      - no-cache
    body:
      encoding: UTF-8
      string: '{"value":{"capabilities":{"acceptInsecureCerts":false,"browserName":"chrome","browserVersion":"84.0.4147.105","chrome":{"chromedriverVersion":"84.0.4147.30
        (48b3e868b4cc0aa7e8149519690b6f6949e110a8-refs/branch-heads/4147@{#310})","userDataDir":"/var/folders/rk/sgp65zqx56z_drt41n9r2gvh0000gn/T/.com.google.Chrome.059XBR"},"goog:chromeOptions":{"debuggerAddress":"localhost:61167"},"networkConnectionEnabled":false,"pageLoadStrategy":"normal","platformName":"mac
        os x","proxy":{},"setWindowRect":true,"strictFileInteractability":false,"timeouts":{"implicit":0,"pageLoad":300000,"script":30000},"unhandledPromptBehavior":"dismiss
        and notify","webauthn:virtualAuthenticators":true},"sessionId":"1b0a2caff5f6ac42234b8f7fb2780c06"}}'
    http_version: 
  recorded_at: Wed, 05 Aug 2020 14:00:45 GMT
- request:
    method: post
    uri: http://127.0.0.1:9546/session/1b0a2caff5f6ac42234b8f7fb2780c06/url
    body:
      encoding: UTF-8
      string: '{"url":"http://coloradosolidarity.com/"}'
    headers:
      Accept:
      - application/json
      Content-Type:
      - application/json; charset=UTF-8
      User-Agent:
      - selenium/3.142.7 (ruby macosx)
      Content-Length:
      - '40'
      Accept-Encoding:
      - gzip;q=1.0,deflate;q=0.6,identity;q=0.3
  response:
    status:
      code: 200
      message: OK
    headers:
      Content-Length:
      - '14'
      Content-Type:
      - application/json; charset=utf-8
      Cache-Control:
      - no-cache
    body:
      encoding: UTF-8
      string: '{"value":null}'
    http_version: 
  recorded_at: Wed, 05 Aug 2020 14:00:49 GMT
- request:
    method: post
    uri: http://127.0.0.1:9546/session/1b0a2caff5f6ac42234b8f7fb2780c06/elements
    body:
      encoding: UTF-8
      string: '{"using":"css selector","value":"h1"}'
    headers:
      Accept:
      - application/json
      Content-Type:
      - application/json; charset=UTF-8
      User-Agent:
      - selenium/3.142.7 (ruby macosx)
      Content-Length:
      - '37'
      Accept-Encoding:
      - gzip;q=1.0,deflate;q=0.6,identity;q=0.3
  response:
    status:
      code: 200
      message: OK
    headers:
      Content-Length:
      - '12'
      Content-Type:
      - application/json; charset=utf-8
      Cache-Control:
      - no-cache
    body:
      encoding: UTF-8
      string: '{"value":[]}'
    http_version: 
  recorded_at: Wed, 05 Aug 2020 14:00:49 GMT
- request:
    method: post
    uri: http://127.0.0.1:9546/session/1b0a2caff5f6ac42234b8f7fb2780c06/elements
    body:
      encoding: UTF-8
      string: '{"using":"css selector","value":"h2"}'
    headers:
      Accept:
      - application/json
      Content-Type:
      - application/json; charset=UTF-8
      User-Agent:
      - selenium/3.142.7 (ruby macosx)
      Content-Length:
      - '37'
      Accept-Encoding:
      - gzip;q=1.0,deflate;q=0.6,identity;q=0.3
  response:
    status:
      code: 200
      message: OK
    headers:
      Content-Length:
      - '564'
      Content-Type:
      - application/json; charset=utf-8
      Cache-Control:
      - no-cache
    body:
      encoding: UTF-8
      string: '{"value":[{"element-6066-11e4-a52e-4f735466cecf":"399c8bd0-e58d-4bf4-8fe7-ef2ffa565765"},{"element-6066-11e4-a52e-4f735466cecf":"0de86b63-eb2b-442f-a147-585249c040ce"},{"element-6066-11e4-a52e-4f735466cecf":"f23fad32-f619-494d-86f7-e93e3dd3828e"},{"element-6066-11e4-a52e-4f735466cecf":"551b09a0-f159-4df2-9ffd-d7e2b53276a3"},{"element-6066-11e4-a52e-4f735466cecf":"f452fc74-e66e-4a16-bc3a-93d454b89753"},{"element-6066-11e4-a52e-4f735466cecf":"c09b3500-a75d-46f2-aeee-3105acac8775"},{"element-6066-11e4-a52e-4f735466cecf":"e9308cb9-abe4-4ea1-93a2-f34eb89b558e"}]}'
    http_version: 
  recorded_at: Wed, 05 Aug 2020 14:00:49 GMT
- request:
    method: get
    uri: http://127.0.0.1:9546/session/1b0a2caff5f6ac42234b8f7fb2780c06/element/399c8bd0-e58d-4bf4-8fe7-ef2ffa565765/text
    body:
      encoding: US-ASCII
      string: ''
    headers:
      Accept:
      - application/json
      Content-Type:
      - application/json; charset=UTF-8
      User-Agent:
      - selenium/3.142.7 (ruby macosx)
      Cache-Control:
      - no-cache
      Accept-Encoding:
      - gzip;q=1.0,deflate;q=0.6,identity;q=0.3
  response:
    status:
      code: 200
      message: OK
    headers:
      Content-Length:
      - '48'
      Content-Type:
      - application/json; charset=utf-8
      Cache-Control:
      - no-cache
    body:
      encoding: UTF-8
      string: '{"value":"An inclusive economy starts with us."}'
    http_version: 
  recorded_at: Wed, 05 Aug 2020 14:00:49 GMT
- request:
    method: get
    uri: http://127.0.0.1:9546/session/1b0a2caff5f6ac42234b8f7fb2780c06/element/0de86b63-eb2b-442f-a147-585249c040ce/text
    body:
      encoding: US-ASCII
      string: ''
    headers:
      Accept:
      - application/json
      Content-Type:
      - application/json; charset=UTF-8
      User-Agent:
      - selenium/3.142.7 (ruby macosx)
      Cache-Control:
      - no-cache
      Accept-Encoding:
      - gzip;q=1.0,deflate;q=0.6,identity;q=0.3
  response:
    status:
      code: 200
      message: OK
    headers:
      Content-Length:
      - '17'
      Content-Type:
      - application/json; charset=utf-8
      Cache-Control:
      - no-cache
    body:
      encoding: UTF-8
      string: '{"value":"Coops"}'
    http_version: 
  recorded_at: Wed, 05 Aug 2020 14:00:49 GMT
- request:
    method: get
    uri: http://127.0.0.1:9546/session/1b0a2caff5f6ac42234b8f7fb2780c06/element/f23fad32-f619-494d-86f7-e93e3dd3828e/text
    body:
      encoding: US-ASCII
      string: ''
    headers:
      Accept:
      - application/json
      Content-Type:
      - application/json; charset=UTF-8
      User-Agent:
      - selenium/3.142.7 (ruby macosx)
      Cache-Control:
      - no-cache
      Accept-Encoding:
      - gzip;q=1.0,deflate;q=0.6,identity;q=0.3
  response:
    status:
      code: 200
      message: OK
    headers:
      Content-Length:
      - '22'
      Content-Type:
      - application/json; charset=utf-8
      Cache-Control:
      - no-cache
    body:
      encoding: UTF-8
      string: '{"value":"SoLIDARITY"}'
    http_version: 
  recorded_at: Wed, 05 Aug 2020 14:00:49 GMT
- request:
    method: get
    uri: http://127.0.0.1:9546/session/1b0a2caff5f6ac42234b8f7fb2780c06/element/551b09a0-f159-4df2-9ffd-d7e2b53276a3/text
    body:
      encoding: US-ASCII
      string: ''
    headers:
      Accept:
      - application/json
      Content-Type:
      - application/json; charset=UTF-8
      User-Agent:
      - selenium/3.142.7 (ruby macosx)
      Cache-Control:
      - no-cache
      Accept-Encoding:
      - gzip;q=1.0,deflate;q=0.6,identity;q=0.3
  response:
    status:
      code: 200
      message: OK
    headers:
      Content-Length:
      - '19'
      Content-Type:
      - application/json; charset=utf-8
      Cache-Control:
      - no-cache
    body:
      encoding: UTF-8
      string: '{"value":"Economy"}'
    http_version: 
  recorded_at: Wed, 05 Aug 2020 14:00:49 GMT
- request:
    method: get
    uri: http://127.0.0.1:9546/session/1b0a2caff5f6ac42234b8f7fb2780c06/element/f452fc74-e66e-4a16-bc3a-93d454b89753/text
    body:
      encoding: US-ASCII
      string: ''
    headers:
      Accept:
      - application/json
      Content-Type:
      - application/json; charset=UTF-8
      User-Agent:
      - selenium/3.142.7 (ruby macosx)
      Cache-Control:
      - no-cache
      Accept-Encoding:
      - gzip;q=1.0,deflate;q=0.6,identity;q=0.3
  response:
    status:
      code: 200
      message: OK
    headers:
      Content-Length:
      - '19'
      Content-Type:
      - application/json; charset=utf-8
      Cache-Control:
      - no-cache
    body:
      encoding: UTF-8
      string: '{"value":"The CSF"}'
    http_version: 
  recorded_at: Wed, 05 Aug 2020 14:00:49 GMT
- request:
    method: get
    uri: http://127.0.0.1:9546/session/1b0a2caff5f6ac42234b8f7fb2780c06/element/c09b3500-a75d-46f2-aeee-3105acac8775/text
    body:
      encoding: US-ASCII
      string: ''
    headers:
      Accept:
      - application/json
      Content-Type:
      - application/json; charset=UTF-8
      User-Agent:
      - selenium/3.142.7 (ruby macosx)
      Cache-Control:
      - no-cache
      Accept-Encoding:
      - gzip;q=1.0,deflate;q=0.6,identity;q=0.3
  response:
    status:
      code: 200
      message: OK
    headers:
      Content-Length:
      - '22'
      Content-Type:
      - application/json; charset=utf-8
      Cache-Control:
      - no-cache
    body:
      encoding: UTF-8
      string: '{"value":"Difference"}'
    http_version: 
  recorded_at: Wed, 05 Aug 2020 14:00:49 GMT
- request:
    method: get
    uri: http://127.0.0.1:9546/session/1b0a2caff5f6ac42234b8f7fb2780c06/element/e9308cb9-abe4-4ea1-93a2-f34eb89b558e/text
    body:
      encoding: US-ASCII
      string: ''
    headers:
      Accept:
      - application/json
      Content-Type:
      - application/json; charset=UTF-8
      User-Agent:
      - selenium/3.142.7 (ruby macosx)
      Cache-Control:
      - no-cache
      Accept-Encoding:
      - gzip;q=1.0,deflate;q=0.6,identity;q=0.3
  response:
    status:
      code: 200
      message: OK
    headers:
      Content-Length:
      - '34'
      Content-Type:
      - application/json; charset=utf-8
      Cache-Control:
      - no-cache
    body:
      encoding: UTF-8
      string: '{"value":"Join the CSF Community"}'
    http_version: 
  recorded_at: Wed, 05 Aug 2020 14:00:49 GMT
- request:
    method: post
    uri: http://127.0.0.1:9546/session/1b0a2caff5f6ac42234b8f7fb2780c06/elements
    body:
      encoding: UTF-8
      string: '{"using":"css selector","value":"h3"}'
    headers:
      Accept:
      - application/json
      Content-Type:
      - application/json; charset=UTF-8
      User-Agent:
      - selenium/3.142.7 (ruby macosx)
      Content-Length:
      - '37'
      Accept-Encoding:
      - gzip;q=1.0,deflate;q=0.6,identity;q=0.3
  response:
    status:
      code: 200
      message: OK
    headers:
      Content-Length:
      - '248'
      Content-Type:
      - application/json; charset=utf-8
      Cache-Control:
      - no-cache
    body:
      encoding: UTF-8
      string: '{"value":[{"element-6066-11e4-a52e-4f735466cecf":"a5dcfab8-5443-4288-bee8-32a081705a21"},{"element-6066-11e4-a52e-4f735466cecf":"a0fb8ef4-8ad4-46a1-a0e5-2f3eb18d6add"},{"element-6066-11e4-a52e-4f735466cecf":"cdf4bd89-3b2f-4e43-a033-da76406b92f2"}]}'
    http_version: 
  recorded_at: Wed, 05 Aug 2020 14:00:49 GMT
- request:
    method: get
    uri: http://127.0.0.1:9546/session/1b0a2caff5f6ac42234b8f7fb2780c06/element/a5dcfab8-5443-4288-bee8-32a081705a21/text
    body:
      encoding: US-ASCII
      string: ''
    headers:
      Accept:
      - application/json
      Content-Type:
      - application/json; charset=UTF-8
      User-Agent:
      - selenium/3.142.7 (ruby macosx)
      Cache-Control:
      - no-cache
      Accept-Encoding:
      - gzip;q=1.0,deflate;q=0.6,identity;q=0.3
  response:
    status:
      code: 200
      message: OK
    headers:
      Content-Length:
      - '26'
      Content-Type:
      - application/json; charset=utf-8
      Cache-Control:
      - no-cache
    body:
      encoding: UTF-8
      string: '{"value":"Get Investment"}'
    http_version: 
  recorded_at: Wed, 05 Aug 2020 14:00:49 GMT
- request:
    method: get
    uri: http://127.0.0.1:9546/session/1b0a2caff5f6ac42234b8f7fb2780c06/element/a0fb8ef4-8ad4-46a1-a0e5-2f3eb18d6add/text
    body:
      encoding: US-ASCII
      string: ''
    headers:
      Accept:
      - application/json
      Content-Type:
      - application/json; charset=UTF-8
      User-Agent:
      - selenium/3.142.7 (ruby macosx)
      Cache-Control:
      - no-cache
      Accept-Encoding:
      - gzip;q=1.0,deflate;q=0.6,identity;q=0.3
  response:
    status:
      code: 200
      message: OK
    headers:
      Content-Length:
      - '27'
      Content-Type:
      - application/json; charset=utf-8
      Cache-Control:
      - no-cache
    body:
      encoding: UTF-8
      string: '{"value":"Become a Member"}'
    http_version: 
  recorded_at: Wed, 05 Aug 2020 14:00:49 GMT
- request:
    method: get
    uri: http://127.0.0.1:9546/session/1b0a2caff5f6ac42234b8f7fb2780c06/element/cdf4bd89-3b2f-4e43-a033-da76406b92f2/text
    body:
      encoding: US-ASCII
      string: ''
    headers:
      Accept:
      - application/json
      Content-Type:
      - application/json; charset=UTF-8
      User-Agent:
      - selenium/3.142.7 (ruby macosx)
      Cache-Control:
      - no-cache
      Accept-Encoding:
      - gzip;q=1.0,deflate;q=0.6,identity;q=0.3
  response:
    status:
      code: 200
      message: OK
    headers:
      Content-Length:
      - '32'
      Content-Type:
      - application/json; charset=utf-8
      Cache-Control:
      - no-cache
    body:
      encoding: UTF-8
      string: '{"value":"Start a Conversation"}'
    http_version: 
  recorded_at: Wed, 05 Aug 2020 14:00:49 GMT
- request:
    method: delete
    uri: http://127.0.0.1:9546/session/1b0a2caff5f6ac42234b8f7fb2780c06/window
    body:
      encoding: US-ASCII
      string: ''
    headers:
      Accept:
      - application/json
      Content-Type:
      - application/json; charset=UTF-8
      User-Agent:
      - selenium/3.142.7 (ruby macosx)
      Accept-Encoding:
      - gzip;q=1.0,deflate;q=0.6,identity;q=0.3
  response:
    status:
      code: 200
      message: OK
    headers:
      Content-Length:
      - '12'
      Content-Type:
      - application/json; charset=utf-8
      Cache-Control:
      - no-cache
    body:
      encoding: UTF-8
      string: '{"value":[]}'
    http_version: 
  recorded_at: Wed, 05 Aug 2020 14:00:49 GMT
- request:
    method: post
    uri: http://127.0.0.1:9550/session
    body:
      encoding: UTF-8
      string: '{"desiredCapabilities":{"browserName":"chrome","version":"","platform":"ANY","javascriptEnabled":true,"cssSelectorsEnabled":true,"takesScreenshot":false,"nativeEvents":false,"rotatable":false,"goog:chromeOptions":{"args":["--no-sandbox","--headless","--ignore-certificate-errors","--disable-notifications","--window-size=1200,600","--disable-dev-shm-usage"]}},"capabilities":{"firstMatch":[{"browserName":"chrome","goog:chromeOptions":{"args":["--no-sandbox","--headless","--ignore-certificate-errors","--disable-notifications","--window-size=1200,600","--disable-dev-shm-usage"]}}]}}'
    headers:
      Accept:
      - application/json
      Content-Type:
      - application/json; charset=UTF-8
      User-Agent:
      - selenium/3.142.7 (ruby macosx)
      Content-Length:
      - '584'
      Accept-Encoding:
      - gzip;q=1.0,deflate;q=0.6,identity;q=0.3
  response:
    status:
      code: 200
      message: OK
    headers:
      Content-Length:
      - '727'
      Content-Type:
      - application/json; charset=utf-8
      Cache-Control:
      - no-cache
    body:
      encoding: UTF-8
      string: '{"value":{"capabilities":{"acceptInsecureCerts":false,"browserName":"chrome","browserVersion":"84.0.4147.105","chrome":{"chromedriverVersion":"84.0.4147.30
        (48b3e868b4cc0aa7e8149519690b6f6949e110a8-refs/branch-heads/4147@{#310})","userDataDir":"/var/folders/rk/sgp65zqx56z_drt41n9r2gvh0000gn/T/.com.google.Chrome.yXyuk4"},"goog:chromeOptions":{"debuggerAddress":"localhost:62229"},"networkConnectionEnabled":false,"pageLoadStrategy":"normal","platformName":"mac
        os x","proxy":{},"setWindowRect":true,"strictFileInteractability":false,"timeouts":{"implicit":0,"pageLoad":300000,"script":30000},"unhandledPromptBehavior":"dismiss
        and notify","webauthn:virtualAuthenticators":true},"sessionId":"6041cd04f0d521d2360ff00a74475639"}}'
    http_version: 
  recorded_at: Wed, 05 Aug 2020 14:03:34 GMT
- request:
    method: post
    uri: http://127.0.0.1:9550/session/6041cd04f0d521d2360ff00a74475639/url
    body:
      encoding: UTF-8
      string: '{"url":"http://coloradosolidarity.com/"}'
    headers:
      Accept:
      - application/json
      Content-Type:
      - application/json; charset=UTF-8
      User-Agent:
      - selenium/3.142.7 (ruby macosx)
      Content-Length:
      - '40'
      Accept-Encoding:
      - gzip;q=1.0,deflate;q=0.6,identity;q=0.3
  response:
    status:
      code: 200
      message: OK
    headers:
      Content-Length:
      - '14'
      Content-Type:
      - application/json; charset=utf-8
      Cache-Control:
      - no-cache
    body:
      encoding: UTF-8
      string: '{"value":null}'
    http_version: 
  recorded_at: Wed, 05 Aug 2020 14:03:38 GMT
- request:
    method: post
    uri: http://127.0.0.1:9550/session/6041cd04f0d521d2360ff00a74475639/elements
    body:
      encoding: UTF-8
      string: '{"using":"css selector","value":"h1"}'
    headers:
      Accept:
      - application/json
      Content-Type:
      - application/json; charset=UTF-8
      User-Agent:
      - selenium/3.142.7 (ruby macosx)
      Content-Length:
      - '37'
      Accept-Encoding:
      - gzip;q=1.0,deflate;q=0.6,identity;q=0.3
  response:
    status:
      code: 200
      message: OK
    headers:
      Content-Length:
      - '12'
      Content-Type:
      - application/json; charset=utf-8
      Cache-Control:
      - no-cache
    body:
      encoding: UTF-8
      string: '{"value":[]}'
    http_version: 
  recorded_at: Wed, 05 Aug 2020 14:03:38 GMT
- request:
    method: post
    uri: http://127.0.0.1:9550/session/6041cd04f0d521d2360ff00a74475639/elements
    body:
      encoding: UTF-8
      string: '{"using":"css selector","value":"h2"}'
    headers:
      Accept:
      - application/json
      Content-Type:
      - application/json; charset=UTF-8
      User-Agent:
      - selenium/3.142.7 (ruby macosx)
      Content-Length:
      - '37'
      Accept-Encoding:
      - gzip;q=1.0,deflate;q=0.6,identity;q=0.3
  response:
    status:
      code: 200
      message: OK
    headers:
      Content-Length:
      - '564'
      Content-Type:
      - application/json; charset=utf-8
      Cache-Control:
      - no-cache
    body:
      encoding: UTF-8
      string: '{"value":[{"element-6066-11e4-a52e-4f735466cecf":"954ca568-2633-453b-9250-fe607841bd89"},{"element-6066-11e4-a52e-4f735466cecf":"945afb91-9446-416e-b17c-82d9d60d2025"},{"element-6066-11e4-a52e-4f735466cecf":"56344ffc-a9a9-4d7d-869f-ccb944b991c1"},{"element-6066-11e4-a52e-4f735466cecf":"c8db02e8-d921-4af9-87ad-a5012fdc867a"},{"element-6066-11e4-a52e-4f735466cecf":"58660fe2-d527-41d2-9dd4-dc3bf794a242"},{"element-6066-11e4-a52e-4f735466cecf":"81e2d0a3-1912-4879-8ac7-d2bedd881c80"},{"element-6066-11e4-a52e-4f735466cecf":"324dd56c-0e2b-46f1-b330-5af1d1e48916"}]}'
    http_version: 
  recorded_at: Wed, 05 Aug 2020 14:03:38 GMT
- request:
    method: get
    uri: http://127.0.0.1:9550/session/6041cd04f0d521d2360ff00a74475639/element/954ca568-2633-453b-9250-fe607841bd89/text
    body:
      encoding: US-ASCII
      string: ''
    headers:
      Accept:
      - application/json
      Content-Type:
      - application/json; charset=UTF-8
      User-Agent:
      - selenium/3.142.7 (ruby macosx)
      Cache-Control:
      - no-cache
      Accept-Encoding:
      - gzip;q=1.0,deflate;q=0.6,identity;q=0.3
  response:
    status:
      code: 200
      message: OK
    headers:
      Content-Length:
      - '48'
      Content-Type:
      - application/json; charset=utf-8
      Cache-Control:
      - no-cache
    body:
      encoding: UTF-8
      string: '{"value":"An inclusive economy starts with us."}'
    http_version: 
  recorded_at: Wed, 05 Aug 2020 14:03:38 GMT
- request:
    method: get
    uri: http://127.0.0.1:9550/session/6041cd04f0d521d2360ff00a74475639/element/945afb91-9446-416e-b17c-82d9d60d2025/text
    body:
      encoding: US-ASCII
      string: ''
    headers:
      Accept:
      - application/json
      Content-Type:
      - application/json; charset=UTF-8
      User-Agent:
      - selenium/3.142.7 (ruby macosx)
      Cache-Control:
      - no-cache
      Accept-Encoding:
      - gzip;q=1.0,deflate;q=0.6,identity;q=0.3
  response:
    status:
      code: 200
      message: OK
    headers:
      Content-Length:
      - '17'
      Content-Type:
      - application/json; charset=utf-8
      Cache-Control:
      - no-cache
    body:
      encoding: UTF-8
      string: '{"value":"Coops"}'
    http_version: 
  recorded_at: Wed, 05 Aug 2020 14:03:38 GMT
- request:
    method: get
    uri: http://127.0.0.1:9550/session/6041cd04f0d521d2360ff00a74475639/element/56344ffc-a9a9-4d7d-869f-ccb944b991c1/text
    body:
      encoding: US-ASCII
      string: ''
    headers:
      Accept:
      - application/json
      Content-Type:
      - application/json; charset=UTF-8
      User-Agent:
      - selenium/3.142.7 (ruby macosx)
      Cache-Control:
      - no-cache
      Accept-Encoding:
      - gzip;q=1.0,deflate;q=0.6,identity;q=0.3
  response:
    status:
      code: 200
      message: OK
    headers:
      Content-Length:
      - '22'
      Content-Type:
      - application/json; charset=utf-8
      Cache-Control:
      - no-cache
    body:
      encoding: UTF-8
      string: '{"value":"SoLIDARITY"}'
    http_version: 
  recorded_at: Wed, 05 Aug 2020 14:03:38 GMT
- request:
    method: get
    uri: http://127.0.0.1:9550/session/6041cd04f0d521d2360ff00a74475639/element/c8db02e8-d921-4af9-87ad-a5012fdc867a/text
    body:
      encoding: US-ASCII
      string: ''
    headers:
      Accept:
      - application/json
      Content-Type:
      - application/json; charset=UTF-8
      User-Agent:
      - selenium/3.142.7 (ruby macosx)
      Cache-Control:
      - no-cache
      Accept-Encoding:
      - gzip;q=1.0,deflate;q=0.6,identity;q=0.3
  response:
    status:
      code: 200
      message: OK
    headers:
      Content-Length:
      - '19'
      Content-Type:
      - application/json; charset=utf-8
      Cache-Control:
      - no-cache
    body:
      encoding: UTF-8
      string: '{"value":"Economy"}'
    http_version: 
  recorded_at: Wed, 05 Aug 2020 14:03:38 GMT
- request:
    method: get
    uri: http://127.0.0.1:9550/session/6041cd04f0d521d2360ff00a74475639/element/58660fe2-d527-41d2-9dd4-dc3bf794a242/text
    body:
      encoding: US-ASCII
      string: ''
    headers:
      Accept:
      - application/json
      Content-Type:
      - application/json; charset=UTF-8
      User-Agent:
      - selenium/3.142.7 (ruby macosx)
      Cache-Control:
      - no-cache
      Accept-Encoding:
      - gzip;q=1.0,deflate;q=0.6,identity;q=0.3
  response:
    status:
      code: 200
      message: OK
    headers:
      Content-Length:
      - '19'
      Content-Type:
      - application/json; charset=utf-8
      Cache-Control:
      - no-cache
    body:
      encoding: UTF-8
      string: '{"value":"The CSF"}'
    http_version: 
  recorded_at: Wed, 05 Aug 2020 14:03:38 GMT
- request:
    method: get
    uri: http://127.0.0.1:9550/session/6041cd04f0d521d2360ff00a74475639/element/81e2d0a3-1912-4879-8ac7-d2bedd881c80/text
    body:
      encoding: US-ASCII
      string: ''
    headers:
      Accept:
      - application/json
      Content-Type:
      - application/json; charset=UTF-8
      User-Agent:
      - selenium/3.142.7 (ruby macosx)
      Cache-Control:
      - no-cache
      Accept-Encoding:
      - gzip;q=1.0,deflate;q=0.6,identity;q=0.3
  response:
    status:
      code: 200
      message: OK
    headers:
      Content-Length:
      - '22'
      Content-Type:
      - application/json; charset=utf-8
      Cache-Control:
      - no-cache
    body:
      encoding: UTF-8
      string: '{"value":"Difference"}'
    http_version: 
  recorded_at: Wed, 05 Aug 2020 14:03:38 GMT
- request:
    method: get
    uri: http://127.0.0.1:9550/session/6041cd04f0d521d2360ff00a74475639/element/324dd56c-0e2b-46f1-b330-5af1d1e48916/text
    body:
      encoding: US-ASCII
      string: ''
    headers:
      Accept:
      - application/json
      Content-Type:
      - application/json; charset=UTF-8
      User-Agent:
      - selenium/3.142.7 (ruby macosx)
      Cache-Control:
      - no-cache
      Accept-Encoding:
      - gzip;q=1.0,deflate;q=0.6,identity;q=0.3
  response:
    status:
      code: 200
      message: OK
    headers:
      Content-Length:
      - '34'
      Content-Type:
      - application/json; charset=utf-8
      Cache-Control:
      - no-cache
    body:
      encoding: UTF-8
      string: '{"value":"Join the CSF Community"}'
    http_version: 
  recorded_at: Wed, 05 Aug 2020 14:03:38 GMT
- request:
    method: post
    uri: http://127.0.0.1:9550/session/6041cd04f0d521d2360ff00a74475639/elements
    body:
      encoding: UTF-8
      string: '{"using":"css selector","value":"h3"}'
    headers:
      Accept:
      - application/json
      Content-Type:
      - application/json; charset=UTF-8
      User-Agent:
      - selenium/3.142.7 (ruby macosx)
      Content-Length:
      - '37'
      Accept-Encoding:
      - gzip;q=1.0,deflate;q=0.6,identity;q=0.3
  response:
    status:
      code: 200
      message: OK
    headers:
      Content-Length:
      - '248'
      Content-Type:
      - application/json; charset=utf-8
      Cache-Control:
      - no-cache
    body:
      encoding: UTF-8
      string: '{"value":[{"element-6066-11e4-a52e-4f735466cecf":"423d2654-cc27-4ba3-913e-8a831c29f390"},{"element-6066-11e4-a52e-4f735466cecf":"67ed09c3-c3d5-4f52-adc0-d155be0ec42a"},{"element-6066-11e4-a52e-4f735466cecf":"d2e2a519-cfd7-4eed-89f7-721f56462387"}]}'
    http_version: 
  recorded_at: Wed, 05 Aug 2020 14:03:38 GMT
- request:
    method: get
    uri: http://127.0.0.1:9550/session/6041cd04f0d521d2360ff00a74475639/element/423d2654-cc27-4ba3-913e-8a831c29f390/text
    body:
      encoding: US-ASCII
      string: ''
    headers:
      Accept:
      - application/json
      Content-Type:
      - application/json; charset=UTF-8
      User-Agent:
      - selenium/3.142.7 (ruby macosx)
      Cache-Control:
      - no-cache
      Accept-Encoding:
      - gzip;q=1.0,deflate;q=0.6,identity;q=0.3
  response:
    status:
      code: 200
      message: OK
    headers:
      Content-Length:
      - '26'
      Content-Type:
      - application/json; charset=utf-8
      Cache-Control:
      - no-cache
    body:
      encoding: UTF-8
      string: '{"value":"Get Investment"}'
    http_version: 
  recorded_at: Wed, 05 Aug 2020 14:03:38 GMT
- request:
    method: get
    uri: http://127.0.0.1:9550/session/6041cd04f0d521d2360ff00a74475639/element/67ed09c3-c3d5-4f52-adc0-d155be0ec42a/text
    body:
      encoding: US-ASCII
      string: ''
    headers:
      Accept:
      - application/json
      Content-Type:
      - application/json; charset=UTF-8
      User-Agent:
      - selenium/3.142.7 (ruby macosx)
      Cache-Control:
      - no-cache
      Accept-Encoding:
      - gzip;q=1.0,deflate;q=0.6,identity;q=0.3
  response:
    status:
      code: 200
      message: OK
    headers:
      Content-Length:
      - '27'
      Content-Type:
      - application/json; charset=utf-8
      Cache-Control:
      - no-cache
    body:
      encoding: UTF-8
      string: '{"value":"Become a Member"}'
    http_version: 
  recorded_at: Wed, 05 Aug 2020 14:03:38 GMT
- request:
    method: get
    uri: http://127.0.0.1:9550/session/6041cd04f0d521d2360ff00a74475639/element/d2e2a519-cfd7-4eed-89f7-721f56462387/text
    body:
      encoding: US-ASCII
      string: ''
    headers:
      Accept:
      - application/json
      Content-Type:
      - application/json; charset=UTF-8
      User-Agent:
      - selenium/3.142.7 (ruby macosx)
      Cache-Control:
      - no-cache
      Accept-Encoding:
      - gzip;q=1.0,deflate;q=0.6,identity;q=0.3
  response:
    status:
      code: 200
      message: OK
    headers:
      Content-Length:
      - '32'
      Content-Type:
      - application/json; charset=utf-8
      Cache-Control:
      - no-cache
    body:
      encoding: UTF-8
      string: '{"value":"Start a Conversation"}'
    http_version: 
  recorded_at: Wed, 05 Aug 2020 14:03:38 GMT
- request:
    method: delete
    uri: http://127.0.0.1:9550/session/6041cd04f0d521d2360ff00a74475639/window
    body:
      encoding: US-ASCII
      string: ''
    headers:
      Accept:
      - application/json
      Content-Type:
      - application/json; charset=UTF-8
      User-Agent:
      - selenium/3.142.7 (ruby macosx)
      Accept-Encoding:
      - gzip;q=1.0,deflate;q=0.6,identity;q=0.3
  response:
    status:
      code: 200
      message: OK
    headers:
      Content-Length:
      - '12'
      Content-Type:
      - application/json; charset=utf-8
      Cache-Control:
      - no-cache
    body:
      encoding: UTF-8
      string: '{"value":[]}'
    http_version: 
  recorded_at: Wed, 05 Aug 2020 14:03:38 GMT
recorded_with: VCR 5.0.0
