---
http_interactions:
- request:
    method: post
    uri: http://127.0.0.1:9546/session
    body:
      encoding: UTF-8
      string: '{"desiredCapabilities":{"browserName":"chrome","version":"","platform":"ANY","javascriptEnabled":true,"cssSelectorsEnabled":true,"takesScreenshot":false,"nativeEvents":false,"rotatable":false,"goog:chromeOptions":{"args":["--no-sandbox","--headless","--ignore-certificate-errors","--disable-notifications","--window-size=1200,600","--disable-dev-shm-usage"]}},"capabilities":{"firstMatch":[{"browserName":"chrome","goog:chromeOptions":{"args":["--no-sandbox","--headless","--ignore-certificate-errors","--disable-notifications","--window-size=1200,600","--disable-dev-shm-usage"]}}]}}'
    headers:
      Accept:
      - application/json
      Content-Type:
      - application/json; charset=UTF-8
      User-Agent:
      - selenium/3.142.7 (ruby macosx)
      Content-Length:
      - '584'
      Accept-Encoding:
      - gzip;q=1.0,deflate;q=0.6,identity;q=0.3
  response:
    status:
      code: 200
      message: OK
    headers:
      Content-Length:
      - '727'
      Content-Type:
      - application/json; charset=utf-8
      Cache-Control:
      - no-cache
    body:
      encoding: UTF-8
      string: '{"value":{"capabilities":{"acceptInsecureCerts":false,"browserName":"chrome","browserVersion":"84.0.4147.105","chrome":{"chromedriverVersion":"84.0.4147.30
        (48b3e868b4cc0aa7e8149519690b6f6949e110a8-refs/branch-heads/4147@{#310})","userDataDir":"/var/folders/rk/sgp65zqx56z_drt41n9r2gvh0000gn/T/.com.google.Chrome.NoMCZN"},"goog:chromeOptions":{"debuggerAddress":"localhost:58865"},"networkConnectionEnabled":false,"pageLoadStrategy":"normal","platformName":"mac
        os x","proxy":{},"setWindowRect":true,"strictFileInteractability":false,"timeouts":{"implicit":0,"pageLoad":300000,"script":30000},"unhandledPromptBehavior":"dismiss
        and notify","webauthn:virtualAuthenticators":true},"sessionId":"2b81a5d1bd8500dc1c265b8479b1db34"}}'
    http_version: 
  recorded_at: Wed, 05 Aug 2020 13:23:05 GMT
- request:
    method: post
    uri: http://127.0.0.1:9546/session/2b81a5d1bd8500dc1c265b8479b1db34/url
    body:
      encoding: UTF-8
      string: '{"url":"http://coloradosolidarity.com/"}'
    headers:
      Accept:
      - application/json
      Content-Type:
      - application/json; charset=UTF-8
      User-Agent:
      - selenium/3.142.7 (ruby macosx)
      Content-Length:
      - '40'
      Accept-Encoding:
      - gzip;q=1.0,deflate;q=0.6,identity;q=0.3
  response:
    status:
      code: 200
      message: OK
    headers:
      Content-Length:
      - '14'
      Content-Type:
      - application/json; charset=utf-8
      Cache-Control:
      - no-cache
    body:
      encoding: UTF-8
      string: '{"value":null}'
    http_version: 
  recorded_at: Wed, 05 Aug 2020 13:23:10 GMT
- request:
    method: post
    uri: http://127.0.0.1:9546/session/2b81a5d1bd8500dc1c265b8479b1db34/elements
    body:
      encoding: UTF-8
      string: '{"using":"css selector","value":"h1"}'
    headers:
      Accept:
      - application/json
      Content-Type:
      - application/json; charset=UTF-8
      User-Agent:
      - selenium/3.142.7 (ruby macosx)
      Content-Length:
      - '37'
      Accept-Encoding:
      - gzip;q=1.0,deflate;q=0.6,identity;q=0.3
  response:
    status:
      code: 200
      message: OK
    headers:
      Content-Length:
      - '12'
      Content-Type:
      - application/json; charset=utf-8
      Cache-Control:
      - no-cache
    body:
      encoding: UTF-8
      string: '{"value":[]}'
    http_version: 
  recorded_at: Wed, 05 Aug 2020 13:23:10 GMT
- request:
    method: post
    uri: http://127.0.0.1:9546/session/2b81a5d1bd8500dc1c265b8479b1db34/elements
    body:
      encoding: UTF-8
      string: '{"using":"css selector","value":"h2"}'
    headers:
      Accept:
      - application/json
      Content-Type:
      - application/json; charset=UTF-8
      User-Agent:
      - selenium/3.142.7 (ruby macosx)
      Content-Length:
      - '37'
      Accept-Encoding:
      - gzip;q=1.0,deflate;q=0.6,identity;q=0.3
  response:
    status:
      code: 200
      message: OK
    headers:
      Content-Length:
      - '564'
      Content-Type:
      - application/json; charset=utf-8
      Cache-Control:
      - no-cache
    body:
      encoding: UTF-8
      string: '{"value":[{"element-6066-11e4-a52e-4f735466cecf":"b5bd3de7-5e7a-487d-8eaa-eabec61a8acc"},{"element-6066-11e4-a52e-4f735466cecf":"e2d48b12-61dc-4f1a-99ee-53a1d4335015"},{"element-6066-11e4-a52e-4f735466cecf":"fba9ffc5-4f88-4d67-9737-dd7825b32800"},{"element-6066-11e4-a52e-4f735466cecf":"d5d3feab-12fa-428f-b1ec-4b3c2092c67b"},{"element-6066-11e4-a52e-4f735466cecf":"6fd99ed0-8d08-460c-862a-b7c1d3e34524"},{"element-6066-11e4-a52e-4f735466cecf":"63394e61-62ba-4567-b5ad-4c56e5c90879"},{"element-6066-11e4-a52e-4f735466cecf":"55885fc3-d67e-467a-bab6-6f51211afce6"}]}'
    http_version: 
  recorded_at: Wed, 05 Aug 2020 13:23:10 GMT
- request:
    method: get
    uri: http://127.0.0.1:9546/session/2b81a5d1bd8500dc1c265b8479b1db34/element/b5bd3de7-5e7a-487d-8eaa-eabec61a8acc/text
    body:
      encoding: US-ASCII
      string: ''
    headers:
      Accept:
      - application/json
      Content-Type:
      - application/json; charset=UTF-8
      User-Agent:
      - selenium/3.142.7 (ruby macosx)
      Cache-Control:
      - no-cache
      Accept-Encoding:
      - gzip;q=1.0,deflate;q=0.6,identity;q=0.3
  response:
    status:
      code: 200
      message: OK
    headers:
      Content-Length:
      - '48'
      Content-Type:
      - application/json; charset=utf-8
      Cache-Control:
      - no-cache
    body:
      encoding: UTF-8
      string: '{"value":"An inclusive economy starts with us."}'
    http_version: 
  recorded_at: Wed, 05 Aug 2020 13:23:10 GMT
- request:
    method: get
    uri: http://127.0.0.1:9546/session/2b81a5d1bd8500dc1c265b8479b1db34/element/e2d48b12-61dc-4f1a-99ee-53a1d4335015/text
    body:
      encoding: US-ASCII
      string: ''
    headers:
      Accept:
      - application/json
      Content-Type:
      - application/json; charset=UTF-8
      User-Agent:
      - selenium/3.142.7 (ruby macosx)
      Cache-Control:
      - no-cache
      Accept-Encoding:
      - gzip;q=1.0,deflate;q=0.6,identity;q=0.3
  response:
    status:
      code: 200
      message: OK
    headers:
      Content-Length:
      - '17'
      Content-Type:
      - application/json; charset=utf-8
      Cache-Control:
      - no-cache
    body:
      encoding: UTF-8
      string: '{"value":"Coops"}'
    http_version: 
  recorded_at: Wed, 05 Aug 2020 13:23:10 GMT
- request:
    method: get
    uri: http://127.0.0.1:9546/session/2b81a5d1bd8500dc1c265b8479b1db34/element/fba9ffc5-4f88-4d67-9737-dd7825b32800/text
    body:
      encoding: US-ASCII
      string: ''
    headers:
      Accept:
      - application/json
      Content-Type:
      - application/json; charset=UTF-8
      User-Agent:
      - selenium/3.142.7 (ruby macosx)
      Cache-Control:
      - no-cache
      Accept-Encoding:
      - gzip;q=1.0,deflate;q=0.6,identity;q=0.3
  response:
    status:
      code: 200
      message: OK
    headers:
      Content-Length:
      - '22'
      Content-Type:
      - application/json; charset=utf-8
      Cache-Control:
      - no-cache
    body:
      encoding: UTF-8
      string: '{"value":"SoLIDARITY"}'
    http_version: 
  recorded_at: Wed, 05 Aug 2020 13:23:10 GMT
- request:
    method: get
    uri: http://127.0.0.1:9546/session/2b81a5d1bd8500dc1c265b8479b1db34/element/d5d3feab-12fa-428f-b1ec-4b3c2092c67b/text
    body:
      encoding: US-ASCII
      string: ''
    headers:
      Accept:
      - application/json
      Content-Type:
      - application/json; charset=UTF-8
      User-Agent:
      - selenium/3.142.7 (ruby macosx)
      Cache-Control:
      - no-cache
      Accept-Encoding:
      - gzip;q=1.0,deflate;q=0.6,identity;q=0.3
  response:
    status:
      code: 200
      message: OK
    headers:
      Content-Length:
      - '19'
      Content-Type:
      - application/json; charset=utf-8
      Cache-Control:
      - no-cache
    body:
      encoding: UTF-8
      string: '{"value":"Economy"}'
    http_version: 
  recorded_at: Wed, 05 Aug 2020 13:23:10 GMT
- request:
    method: get
    uri: http://127.0.0.1:9546/session/2b81a5d1bd8500dc1c265b8479b1db34/element/6fd99ed0-8d08-460c-862a-b7c1d3e34524/text
    body:
      encoding: US-ASCII
      string: ''
    headers:
      Accept:
      - application/json
      Content-Type:
      - application/json; charset=UTF-8
      User-Agent:
      - selenium/3.142.7 (ruby macosx)
      Cache-Control:
      - no-cache
      Accept-Encoding:
      - gzip;q=1.0,deflate;q=0.6,identity;q=0.3
  response:
    status:
      code: 200
      message: OK
    headers:
      Content-Length:
      - '19'
      Content-Type:
      - application/json; charset=utf-8
      Cache-Control:
      - no-cache
    body:
      encoding: UTF-8
      string: '{"value":"The CSF"}'
    http_version: 
  recorded_at: Wed, 05 Aug 2020 13:23:10 GMT
- request:
    method: get
    uri: http://127.0.0.1:9546/session/2b81a5d1bd8500dc1c265b8479b1db34/element/63394e61-62ba-4567-b5ad-4c56e5c90879/text
    body:
      encoding: US-ASCII
      string: ''
    headers:
      Accept:
      - application/json
      Content-Type:
      - application/json; charset=UTF-8
      User-Agent:
      - selenium/3.142.7 (ruby macosx)
      Cache-Control:
      - no-cache
      Accept-Encoding:
      - gzip;q=1.0,deflate;q=0.6,identity;q=0.3
  response:
    status:
      code: 200
      message: OK
    headers:
      Content-Length:
      - '22'
      Content-Type:
      - application/json; charset=utf-8
      Cache-Control:
      - no-cache
    body:
      encoding: UTF-8
      string: '{"value":"Difference"}'
    http_version: 
  recorded_at: Wed, 05 Aug 2020 13:23:10 GMT
- request:
    method: get
    uri: http://127.0.0.1:9546/session/2b81a5d1bd8500dc1c265b8479b1db34/element/55885fc3-d67e-467a-bab6-6f51211afce6/text
    body:
      encoding: US-ASCII
      string: ''
    headers:
      Accept:
      - application/json
      Content-Type:
      - application/json; charset=UTF-8
      User-Agent:
      - selenium/3.142.7 (ruby macosx)
      Cache-Control:
      - no-cache
      Accept-Encoding:
      - gzip;q=1.0,deflate;q=0.6,identity;q=0.3
  response:
    status:
      code: 200
      message: OK
    headers:
      Content-Length:
      - '34'
      Content-Type:
      - application/json; charset=utf-8
      Cache-Control:
      - no-cache
    body:
      encoding: UTF-8
      string: '{"value":"Join the CSF Community"}'
    http_version: 
  recorded_at: Wed, 05 Aug 2020 13:23:10 GMT
- request:
    method: post
    uri: http://127.0.0.1:9546/session/2b81a5d1bd8500dc1c265b8479b1db34/elements
    body:
      encoding: UTF-8
      string: '{"using":"css selector","value":"h3"}'
    headers:
      Accept:
      - application/json
      Content-Type:
      - application/json; charset=UTF-8
      User-Agent:
      - selenium/3.142.7 (ruby macosx)
      Content-Length:
      - '37'
      Accept-Encoding:
      - gzip;q=1.0,deflate;q=0.6,identity;q=0.3
  response:
    status:
      code: 200
      message: OK
    headers:
      Content-Length:
      - '248'
      Content-Type:
      - application/json; charset=utf-8
      Cache-Control:
      - no-cache
    body:
      encoding: UTF-8
      string: '{"value":[{"element-6066-11e4-a52e-4f735466cecf":"d1094bca-7976-4ff6-82af-ae1717239e24"},{"element-6066-11e4-a52e-4f735466cecf":"37fbeb03-2ea6-436b-be80-ab622a4817dc"},{"element-6066-11e4-a52e-4f735466cecf":"aecbc45a-ba91-4794-a590-61b55e69c8a6"}]}'
    http_version: 
  recorded_at: Wed, 05 Aug 2020 13:23:10 GMT
- request:
    method: get
    uri: http://127.0.0.1:9546/session/2b81a5d1bd8500dc1c265b8479b1db34/element/d1094bca-7976-4ff6-82af-ae1717239e24/text
    body:
      encoding: US-ASCII
      string: ''
    headers:
      Accept:
      - application/json
      Content-Type:
      - application/json; charset=UTF-8
      User-Agent:
      - selenium/3.142.7 (ruby macosx)
      Cache-Control:
      - no-cache
      Accept-Encoding:
      - gzip;q=1.0,deflate;q=0.6,identity;q=0.3
  response:
    status:
      code: 200
      message: OK
    headers:
      Content-Length:
      - '26'
      Content-Type:
      - application/json; charset=utf-8
      Cache-Control:
      - no-cache
    body:
      encoding: UTF-8
      string: '{"value":"Get Investment"}'
    http_version: 
  recorded_at: Wed, 05 Aug 2020 13:23:10 GMT
- request:
    method: get
    uri: http://127.0.0.1:9546/session/2b81a5d1bd8500dc1c265b8479b1db34/element/37fbeb03-2ea6-436b-be80-ab622a4817dc/text
    body:
      encoding: US-ASCII
      string: ''
    headers:
      Accept:
      - application/json
      Content-Type:
      - application/json; charset=UTF-8
      User-Agent:
      - selenium/3.142.7 (ruby macosx)
      Cache-Control:
      - no-cache
      Accept-Encoding:
      - gzip;q=1.0,deflate;q=0.6,identity;q=0.3
  response:
    status:
      code: 200
      message: OK
    headers:
      Content-Length:
      - '27'
      Content-Type:
      - application/json; charset=utf-8
      Cache-Control:
      - no-cache
    body:
      encoding: UTF-8
      string: '{"value":"Become a Member"}'
    http_version: 
  recorded_at: Wed, 05 Aug 2020 13:23:10 GMT
- request:
    method: get
    uri: http://127.0.0.1:9546/session/2b81a5d1bd8500dc1c265b8479b1db34/element/aecbc45a-ba91-4794-a590-61b55e69c8a6/text
    body:
      encoding: US-ASCII
      string: ''
    headers:
      Accept:
      - application/json
      Content-Type:
      - application/json; charset=UTF-8
      User-Agent:
      - selenium/3.142.7 (ruby macosx)
      Cache-Control:
      - no-cache
      Accept-Encoding:
      - gzip;q=1.0,deflate;q=0.6,identity;q=0.3
  response:
    status:
      code: 200
      message: OK
    headers:
      Content-Length:
      - '32'
      Content-Type:
      - application/json; charset=utf-8
      Cache-Control:
      - no-cache
    body:
      encoding: UTF-8
      string: '{"value":"Start a Conversation"}'
    http_version: 
  recorded_at: Wed, 05 Aug 2020 13:23:10 GMT
- request:
    method: delete
    uri: http://127.0.0.1:9546/session/2b81a5d1bd8500dc1c265b8479b1db34/window
    body:
      encoding: US-ASCII
      string: ''
    headers:
      Accept:
      - application/json
      Content-Type:
      - application/json; charset=UTF-8
      User-Agent:
      - selenium/3.142.7 (ruby macosx)
      Accept-Encoding:
      - gzip;q=1.0,deflate;q=0.6,identity;q=0.3
  response:
    status:
      code: 200
      message: OK
    headers:
      Content-Length:
      - '12'
      Content-Type:
      - application/json; charset=utf-8
      Cache-Control:
      - no-cache
    body:
      encoding: UTF-8
      string: '{"value":[]}'
    http_version: 
  recorded_at: Wed, 05 Aug 2020 13:23:10 GMT
recorded_with: VCR 5.0.0
